// Jest Snapshot v1, https://goo.gl/fbAQLP

exports[`every should throw when array is null or undefined 1`] = `"Array.prototype.every called on null or undefined"`;

exports[`every should throw when array is null or undefined 2`] = `"Array.prototype.every called on null or undefined"`;

exports[`every should throw when array is null or undefined 3`] = `"Array.prototype.every called on null or undefined"`;
